// Jest Snapshot v1, https://goo.gl/fbAQLP

exports[`<NavLinks /> should match snapshot 1`] = `
[
  .c0 {
  display: block;
  text-decoration: none;
  font-size: 1.6rem;
  padding: 1.6rem;
  color: #0A1128;
  position: relative;
}

.c0::after {
  content: '';
  position: absolute;
  bottom: 0;
  left: 50%;
  width: 0;
  height: 0.2rem;
  background: #dc143c;
  transition: all 300ms ease-in-out;
}

.c0:hover::after {
  left: 25%;
  width: 50%;
}

@media (max-width: 768px) {

}

<a
    class="c0"
    href="#target1"
    target="_self"
  >
    <h1>
      Link 1
    </h1>
  </a>,
  .c0 {
  display: block;
  text-decoration: none;
  font-size: 1.6rem;
  padding: 1.6rem;
  color: #0A1128;
  position: relative;
}

.c0::after {
  content: '';
  position: absolute;
  bottom: 0;
  left: 50%;
  width: 0;
  height: 0.2rem;
  background: #dc143c;
  transition: all 300ms ease-in-out;
}

.c0:hover::after {
  left: 25%;
  width: 50%;
}

@media (max-width: 768px) {

}

<a
    class="c0"
    href="#target2"
    target="_self"
  >
    <h1>
      Link 2
    </h1>
  </a>,
  .c0 {
  display: block;
  text-decoration: none;
  font-size: 1.6rem;
  padding: 1.6rem;
  color: #0A1128;
  position: relative;
}

.c0::after {
  content: '';
  position: absolute;
  bottom: 0;
  left: 50%;
  width: 0;
  height: 0.2rem;
  background: #dc143c;
  transition: all 300ms ease-in-out;
}

.c0:hover::after {
  left: 25%;
  width: 50%;
}

@media (max-width: 768px) {

}

<a
    class="c0"
    href="#target3"
    target="_self"
  >
    <h1>
      Link 3
    </h1>
  </a>,
  .c0 {
  display: block;
  text-decoration: none;
  font-size: 1.6rem;
  padding: 1.6rem;
  color: #0A1128;
  position: relative;
}

.c0::after {
  content: '';
  position: absolute;
  bottom: 0;
  left: 50%;
  width: 0;
  height: 0.2rem;
  background: #dc143c;
  transition: all 300ms ease-in-out;
}

.c0:hover::after {
  left: 25%;
  width: 50%;
}

@media (max-width: 768px) {

}

<a
    class="c0"
    href="#target4"
    target="_self"
  >
    <h1>
      Link 4
    </h1>
  </a>,
  .c0 {
  display: block;
  text-decoration: none;
  font-size: 1.6rem;
  padding: 1.6rem;
  color: #0A1128;
  position: relative;
}

.c0::after {
  content: '';
  position: absolute;
  bottom: 0;
  left: 50%;
  width: 0;
  height: 0.2rem;
  background: #dc143c;
  transition: all 300ms ease-in-out;
}

.c0:hover::after {
  left: 25%;
  width: 50%;
}

@media (max-width: 768px) {

}

<a
    class="c0"
    href="#target5"
    target="_self"
  >
    <h1>
      Link 5
    </h1>
  </a>,
  .c0 {
  display: block;
  text-decoration: none;
  font-size: 1.6rem;
  padding: 1.6rem;
  color: #0A1128;
  position: relative;
}

.c0::after {
  content: '';
  position: absolute;
  bottom: 0;
  left: 50%;
  width: 0;
  height: 0.2rem;
  background: #dc143c;
  transition: all 300ms ease-in-out;
}

.c0:hover::after {
  left: 25%;
  width: 50%;
}

@media (max-width: 768px) {

}

<a
    class="c0"
    href="#target6"
    target="_self"
  >
    <h1>
      Link 6
    </h1>
  </a>,
  .c0 {
  display: block;
  text-decoration: none;
  font-size: 1.6rem;
  padding: 1.6rem;
  color: #0A1128;
  position: relative;
}

.c0::after {
  content: '';
  position: absolute;
  bottom: 0;
  left: 50%;
  width: 0;
  height: 0.2rem;
  background: #dc143c;
  transition: all 300ms ease-in-out;
}

.c0:hover::after {
  left: 25%;
  width: 50%;
}

@media (max-width: 768px) {

}

<a
    class="c0"
    href="#target7"
    target="_self"
  >
    <h1>
      Link 7
    </h1>
  </a>,
  .c0 {
  display: block;
  text-decoration: none;
  font-size: 1.6rem;
  padding: 1.6rem;
  color: #0A1128;
  position: relative;
}

.c0::after {
  content: '';
  position: absolute;
  bottom: 0;
  left: 50%;
  width: 0;
  height: 0.2rem;
  background: #dc143c;
  transition: all 300ms ease-in-out;
}

.c0:hover::after {
  left: 25%;
  width: 50%;
}

@media (max-width: 768px) {

}

<a
    class="c0"
    href="#target8"
    target="_self"
  >
    <h1>
      Link 8
    </h1>
  </a>,
  .c0 {
  display: block;
  text-decoration: none;
  font-size: 1.6rem;
  padding: 1.6rem;
  color: #0A1128;
  position: relative;
}

.c0::after {
  content: '';
  position: absolute;
  bottom: 0;
  left: 50%;
  width: 0;
  height: 0.2rem;
  background: #dc143c;
  transition: all 300ms ease-in-out;
}

.c0:hover::after {
  left: 25%;
  width: 50%;
}

@media (max-width: 768px) {

}

<a
    class="c0"
    href="#target9"
    target="_self"
  >
    <h1>
      Link 9
    </h1>
  </a>,
  .c0 {
  display: block;
  text-decoration: none;
  font-size: 1.6rem;
  padding: 1.6rem;
  color: #0A1128;
  position: relative;
}

.c0::after {
  content: '';
  position: absolute;
  bottom: 0;
  left: 50%;
  width: 0;
  height: 0.2rem;
  background: #dc143c;
  transition: all 300ms ease-in-out;
}

.c0:hover::after {
  left: 25%;
  width: 50%;
}

@media (max-width: 768px) {

}

<a
    class="c0"
    href="#target10"
    target="_self"
  >
    <h1>
      Link 10
    </h1>
  </a>,
]
`;
